
> @figma/my-make-file@0.0.1 build
> vite build

vite v6.3.5 building for production...
transforming...
✓ 2147 modules transformed.
✗ Build failed in 895ms
error during build:
[vite:esbuild] Transform failed with 1 error:
/Users/tomvanbiene/helloTV/src/app/components/ProductDashboard.tsx:123:89: ERROR: The character ">" is not valid inside a JSX element
file: /Users/tomvanbiene/helloTV/src/app/components/ProductDashboard.tsx:123:89

The character ">" is not valid inside a JSX element
121|              </div>
122|              <div>
123|                <p className="text-sm font-bold text-gray-500 uppercase">Gezonde Modellen (>35%)</p>
   |                                                                                           ^
124|                <p className="text-2xl font-black text-gray-900">
125|                  {filteredProducts.filter(p => p.margePct > 35).length}

    at failureErrorWithLog (/Users/tomvanbiene/helloTV/node_modules/esbuild/lib/main.js:1467:15)
    at /Users/tomvanbiene/helloTV/node_modules/esbuild/lib/main.js:736:50
    at responseCallbacks.<computed> (/Users/tomvanbiene/helloTV/node_modules/esbuild/lib/main.js:603:9)
    at handleIncomingPacket (/Users/tomvanbiene/helloTV/node_modules/esbuild/lib/main.js:658:12)
    at Socket.readFromStdout (/Users/tomvanbiene/helloTV/node_modules/esbuild/lib/main.js:581:7)
    at Socket.emit (node:events:518:28)
    at addChunk (node:internal/streams/readable:559:12)
    at readableAddChunkPushByteMode (node:internal/streams/readable:510:3)
    at Readable.push (node:internal/streams/readable:390:5)
    at Pipe.onStreamRead (node:internal/stream_base_commons:190:23)
